| Callee(main.js:<20,29>--<20,28>) | Fun(main.js:<3,3>--<6,3>) |
| Callee(main.js:<26,5>--<26,16>) | Fun(main.js:<13,3>--<16,3>) |
| Callee(main.js:<26,5>--<26,16>) | Fun(main.js:<25,3>--<28,3>) |
| Callee(main.js:<27,5>--<27,15>) | Fun(main.js:<21,3>--<23,3>) |
| Callee(main.js:<31,14>--<31,39>) | Fun(main.js:<20,29>--<20,28>) |
| Callee(main.js:<33,1>--<33,13>) | Fun(main.js:<8,3>--<11,3>) |
| Callee(main.js:<34,1>--<34,13>) | Fun(main.js:<13,3>--<16,3>) |
| Callee(main.js:<34,1>--<34,13>) | Fun(main.js:<25,3>--<28,3>) |
