| Callee(acorn.js:<5,1>--<5,5>) | Fun(acorn.js:<1,1>--<3,1>) |
| Callee(m.js:<1,1>--<5,4>) | Fun(m.js:<1,2>--<5,1>) |
