| main.js |
| src1/temp1.js |
| src2/temp2.js |
| src3/temp/temp3.js |
