| Callee(main.js:<54,10>--<54,24>) | Fun(main.js:<9,3>--<9,18>) |
| Callee(main.js:<55,10>--<55,24>) | Fun(main.js:<25,3>--<25,18>) |
| Callee(main.js:<56,10>--<56,21>) | Fun(main.js:<40,14>--<40,13>) |
| Callee(main.js:<58,13>--<58,29>) | Fun(main.js:<15,3>--<17,3>) |
| Callee(main.js:<59,1>--<59,20>) | Fun(main.js:<44,3>--<48,3>) |
| Callee(main.js:<62,3>--<62,30>) | Fun(main.js:<44,3>--<48,3>) |
| Callee(main.js:<62,17>--<62,29>) | Fun(main.js:<27,3>--<29,3>) |
| Callee(main.js:<63,3>--<63,35>) | Fun(main.js:<44,3>--<48,3>) |
| Callee(main.js:<63,17>--<63,34>) | Fun(main.js:<11,3>--<13,3>) |
| Callee(main.js:<63,17>--<63,34>) | Fun(main.js:<31,3>--<33,3>) |
| Callee(main.js:<65,1>--<65,15>) | Fun(main.js:<61,12>--<64,1>) |
