| Callee(main.js:<9,13>--<9,26>) | Fun(basicmath.js:<8,16>--<10,1>) |
| Callee(main.js:<10,1>--<10,17>) | Fun(Assert.js:<4,1>--<8,1>) |
| Callee(main.js:<12,1>--<19,13>) | Fun(main.js:<12,2>--<19,1>) |
| Callee(main.js:<15,5>--<15,31>) | Fun(Assert.js:<4,1>--<8,1>) |
| Callee(main.js:<15,16>--<15,30>) | Fun(arraymath.js:<5,11>--<7,1>) |
| Callee(main.js:<16,5>--<16,32>) | Fun(Assert.js:<4,1>--<8,1>) |
| Callee(main.js:<16,16>--<16,31>) | Fun(arraymath.js:<8,16>--<10,1>) |
| Callee(main.js:<18,3>--<18,20>) | Fun(main.js:<13,14>--<17,3>) |
