| Callee(m.js:<9,13>--<9,36>) | Fun(basicmath.js:<8,27>--<10,1>) |
| Callee(m.js:<10,1>--<10,17>) | Fun(Assert.js:<4,1>--<8,1>) |
| Callee(m.js:<12,1>--<19,13>) | Fun(m.js:<12,2>--<19,1>) |
| Callee(m.js:<14,16>--<14,24>) | Fun(arraymath.js:<4,1>--<4,23>) |
| Callee(m.js:<15,5>--<15,31>) | Fun(Assert.js:<4,1>--<8,1>) |
| Callee(m.js:<15,16>--<15,30>) | Fun(arraymath.js:<6,28>--<8,1>) |
| Callee(m.js:<16,5>--<16,36>) | Fun(Assert.js:<4,1>--<8,1>) |
| Callee(m.js:<16,16>--<16,35>) | Fun(arraymath.js:<9,33>--<11,1>) |
| Callee(m.js:<16,16>--<16,35>) | Fun(basicmath.js:<4,27>--<6,1>) |
| Callee(m.js:<18,3>--<18,20>) | Fun(m.js:<13,14>--<17,3>) |
