| src/arraymath.js |
| src/basicmath.js |
| src/main.js |
| src/util/index.js |
