| Callee(main.js:<10,9>--<10,58>) | Fun(main.js:<2,13>--<4,3>) |
