| Callee(main.js:<2,3>--<2,8>) | Fun(main.js:<5,18>--<5,54>) |
| Callee(main.js:<5,1>--<5,56>) | Fun(main.js:<1,1>--<3,1>) |
