| Exp(main.js:<5,16>--<8,1>) | [Assign-3] | Var(main.js:<5,7>--<5,12>) |
| Fun(main.js:<2,1>--<2,48>) | [FunctionDecl] | Var(main.js:<2,10>--<2,14>) |
| Fun(main.js:<3,1>--<3,48>) | [FunctionDecl] | Var(main.js:<3,10>--<3,14>) |
| Res(main.js:<2,20>--<2,46>) | [FunctionCall-3] | Exp(main.js:<2,20>--<2,46>) |
| Res(main.js:<3,20>--<3,46>) | [FunctionCall-3] | Exp(main.js:<3,20>--<3,46>) |
| Res(main.js:<11,3>--<11,15>) | [FunctionCall-3] | Exp(main.js:<11,3>--<11,15>) |
| Var(main.js:<5,7>--<5,12>) | [FunctionCall-Receiver] | Receiver(main.js:<11,3>--<11,15>) |
