| Arg(main.js:<9,13>--<9,36>,1) | [ArgToParam-1] | Param(basicmath.js:<8,27>--<10,1>,1) |
| Arg(main.js:<9,13>--<9,36>,2) | [ArgToParam-1] | Param(basicmath.js:<8,27>--<10,1>,2) |
| Arg(main.js:<12,1>--<19,13>,1) | [ArgToParam-1] | Param(main.js:<12,2>--<19,1>,1) |
| Arg(main.js:<15,16>--<15,30>,1) | [ArgToParam-1] | Param(arraymath.js:<6,28>--<8,1>,1) |
| Arg(main.js:<16,16>--<16,35>,1) | [ArgToParam-1] | Param(arraymath.js:<9,33>--<11,1>,1) |
| Arg(main.js:<16,16>--<16,35>,1) | [ArgToParam-1] | Param(basicmath.js:<4,27>--<6,1>,1) |
| Arg(main.js:<18,3>--<18,20>,1) | [ArgToParam-1] | Param(main.js:<13,14>--<17,3>,1) |
| Arg(main.js:<18,3>--<18,20>,2) | [ArgToParam-1] | Param(main.js:<13,14>--<17,3>,2) |
| Callee(arraymath.js:<7,12>--<7,38>) | [Return] | Ret(arraymath.js:<6,28>--<8,1>) |
| Callee(arraymath.js:<10,12>--<10,38>) | [Return] | Ret(arraymath.js:<9,33>--<11,1>) |
| Callee(basicmath.js:<9,9>--<9,27>) | [Return] | Ret(basicmath.js:<8,27>--<10,1>) |
| Callee(main.js:<9,13>--<9,36>) | [Assign-3] | Var(main.js:<9,7>--<9,9>) |
| Callee(main.js:<14,16>--<14,24>) | [Assign-3] | Var(main.js:<14,9>--<14,12>) |
| Callee(main.js:<15,16>--<15,30>) | [FunctionCall-2] | Arg(main.js:<15,5>--<15,31>,2) |
| Callee(main.js:<16,16>--<16,35>) | [FunctionCall-2] | Arg(main.js:<16,5>--<16,36>,2) |
| Exp(arraymath.js:<7,37>--<7,37>) | [FunctionCall-2] | Arg(arraymath.js:<7,12>--<7,38>,2) |
| Exp(arraymath.js:<10,37>--<10,37>) | [FunctionCall-2] | Arg(arraymath.js:<10,12>--<10,38>,2) |
| Exp(basicmath.js:<5,9>--<5,21>) | [Return] | Ret(basicmath.js:<4,27>--<6,1>) |
| Exp(main.js:<6,15>--<6,23>) | [Assign-3] | Var(main.js:<6,7>--<6,11>) |
| Exp(main.js:<9,32>--<9,32>) | [FunctionCall-2] | Arg(main.js:<9,13>--<9,36>,1) |
| Exp(main.js:<9,35>--<9,35>) | [FunctionCall-2] | Arg(main.js:<9,13>--<9,36>,2) |
| Exp(main.js:<10,8>--<10,11>) | [FunctionCall-2] | Arg(main.js:<10,1>--<10,17>,1) |
| Exp(main.js:<12,1>--<19,2>) | [FunctionCall-1] | Callee(main.js:<12,1>--<19,13>) |
| Exp(main.js:<15,12>--<15,13>) | [FunctionCall-2] | Arg(main.js:<15,5>--<15,31>,1) |
| Exp(main.js:<16,12>--<16,13>) | [FunctionCall-2] | Arg(main.js:<16,5>--<16,36>,1) |
| Exp(main.js:<18,11>--<18,19>) | [FunctionCall-2] | Arg(main.js:<18,3>--<18,20>,2) |
| ExportName(basicmath.js,exponent) | [ImportNames] | ImportName(main.js:<4,19>--<4,43>,exponent) |
| ExportName(basicmath.js,multiply) | [ImportNames] | ImportName(main.js:<4,19>--<4,43>,multiply) |
| Fun(arraymath.js:<4,1>--<4,23>) | [FunctionDecl] | Var(arraymath.js:<4,10>--<4,18>) |
| Fun(arraymath.js:<6,28>--<8,1>) | [Assign-1] | Prop(add) |
| Fun(arraymath.js:<6,28>--<8,1>) | [Assign-2] | Exp(arraymath.js:<6,1>--<8,1>) |
| Fun(arraymath.js:<6,28>--<8,1>) | [FunctionExpr-1] | Exp(arraymath.js:<6,28>--<8,1>) |
| Fun(arraymath.js:<7,23>--<7,34>) | [FunctionCall-2] | Arg(arraymath.js:<7,12>--<7,38>,1) |
| Fun(arraymath.js:<7,23>--<7,34>) | [FunctionExpr-2] | Exp(arraymath.js:<7,23>--<7,34>) |
| Fun(arraymath.js:<9,33>--<11,1>) | [Assign-1] | Prop(multiply) |
| Fun(arraymath.js:<9,33>--<11,1>) | [Assign-2] | Exp(arraymath.js:<9,1>--<11,1>) |
| Fun(arraymath.js:<9,33>--<11,1>) | [FunctionExpr-1] | Exp(arraymath.js:<9,33>--<11,1>) |
| Fun(arraymath.js:<10,23>--<10,34>) | [FunctionCall-2] | Arg(arraymath.js:<10,12>--<10,38>,1) |
| Fun(arraymath.js:<10,23>--<10,34>) | [FunctionExpr-2] | Exp(arraymath.js:<10,23>--<10,34>) |
| Fun(basicmath.js:<4,27>--<6,1>) | [Assign-1] | ExportName(basicmath.js,multiply) |
| Fun(basicmath.js:<4,27>--<6,1>) | [Assign-2] | Exp(basicmath.js:<4,1>--<6,1>) |
| Fun(basicmath.js:<4,27>--<6,1>) | [FunctionExpr-1] | Exp(basicmath.js:<4,27>--<6,1>) |
| Fun(basicmath.js:<8,27>--<10,1>) | [Assign-1] | ExportName(basicmath.js,exponent) |
| Fun(basicmath.js:<8,27>--<10,1>) | [Assign-2] | Exp(basicmath.js:<8,1>--<10,1>) |
| Fun(basicmath.js:<8,27>--<10,1>) | [FunctionExpr-1] | Exp(basicmath.js:<8,27>--<10,1>) |
| Fun(main.js:<12,2>--<19,1>) | [FunctionExpr-1] | Exp(main.js:<12,2>--<19,1>) |
| Fun(main.js:<12,2>--<19,1>) | [ParenthesizedExpr] | Exp(main.js:<12,1>--<19,2>) |
| Fun(main.js:<13,14>--<17,3>) | [Assign-3] | Var(main.js:<13,7>--<13,10>) |
| Fun(main.js:<13,14>--<17,3>) | [FunctionExpr-1] | Exp(main.js:<13,14>--<17,3>) |
| ImportMod(main.js:<4,19>--<4,43>,basicmath.js) | [Assign-3] | Var(main.js:<4,7>--<4,15>) |
| ImportMod(main.js:<5,19>--<5,43>,arraymath.js) | [Assign-3] | Var(main.js:<5,7>--<5,15>) |
| ImportName(main.js:<4,19>--<4,43>,exponent) | [FunctionCall-1] | Callee(main.js:<9,13>--<9,36>) |
| ImportName(main.js:<4,19>--<4,43>,multiply) | [FunctionCall-1] | Callee(main.js:<16,16>--<16,35>) |
| ModuleExport(arraymath.js) | [Require] | ImportMod(main.js:<5,19>--<5,43>,arraymath.js) |
| ModuleExport(basicmath.js) | [Require] | ImportMod(main.js:<4,19>--<4,43>,basicmath.js) |
| Param(arraymath.js:<6,28>--<8,1>,1) | [FunctionCall-Receiver] | Receiver(arraymath.js:<7,12>--<7,38>) |
| Param(arraymath.js:<9,33>--<11,1>,1) | [FunctionCall-Receiver] | Receiver(arraymath.js:<10,12>--<10,38>) |
| Param(basicmath.js:<8,27>--<10,1>,1) | [FunctionCall-2] | Arg(basicmath.js:<9,9>--<9,27>,1) |
| Param(basicmath.js:<8,27>--<10,1>,2) | [FunctionCall-2] | Arg(basicmath.js:<9,9>--<9,27>,2) |
| Param(main.js:<12,2>--<19,1>,1) | [FunctionCall-2] | Arg(main.js:<18,3>--<18,20>,1) |
| Param(main.js:<13,14>--<17,3>,1) | [FunctionCall-1] | Callee(main.js:<14,16>--<14,24>) |
| Param(main.js:<13,14>--<17,3>,2) | [FunctionCall-2] | Arg(main.js:<15,16>--<15,30>,1) |
| Param(main.js:<13,14>--<17,3>,2) | [FunctionCall-2] | Arg(main.js:<16,16>--<16,35>,1) |
| Prop(add) | [FunctionCall-1] | Callee(main.js:<15,16>--<15,30>) |
| Prop(exponent) | [FunctionCall-1] | Callee(main.js:<9,13>--<9,36>) |
| Prop(multiply) | [FunctionCall-1] | Callee(main.js:<16,16>--<16,35>) |
| Prop(pow) | [FunctionCall-1] | Callee(basicmath.js:<9,9>--<9,27>) |
| Prop(reduce) | [FunctionCall-1] | Callee(arraymath.js:<7,12>--<7,38>) |
| Prop(reduce) | [FunctionCall-1] | Callee(arraymath.js:<10,12>--<10,38>) |
| Receiver(main.js:<9,13>--<9,36>) | [ArgToParam-2] | This(basicmath.js:<8,27>--<10,1>) |
| Receiver(main.js:<15,16>--<15,30>) | [ArgToParam-2] | This(arraymath.js:<6,28>--<8,1>) |
| Receiver(main.js:<16,16>--<16,35>) | [ArgToParam-2] | This(arraymath.js:<9,33>--<11,1>) |
| Receiver(main.js:<16,16>--<16,35>) | [ArgToParam-2] | This(basicmath.js:<4,27>--<6,1>) |
| Res(arraymath.js:<7,12>--<7,38>) | [FunctionCall-3] | Exp(arraymath.js:<7,12>--<7,38>) |
| Res(arraymath.js:<10,12>--<10,38>) | [FunctionCall-3] | Exp(arraymath.js:<10,12>--<10,38>) |
| Res(basicmath.js:<9,9>--<9,27>) | [FunctionCall-3] | Exp(basicmath.js:<9,9>--<9,27>) |
| Res(main.js:<4,19>--<4,43>) | [FunctionCall-3] | Exp(main.js:<4,19>--<4,43>) |
| Res(main.js:<5,19>--<5,43>) | [FunctionCall-3] | Exp(main.js:<5,19>--<5,43>) |
| Res(main.js:<7,16>--<7,43>) | [FunctionCall-3] | Exp(main.js:<7,16>--<7,43>) |
| Res(main.js:<9,13>--<9,36>) | [FunctionCall-3] | Exp(main.js:<9,13>--<9,36>) |
| Res(main.js:<10,1>--<10,17>) | [FunctionCall-3] | Exp(main.js:<10,1>--<10,17>) |
| Res(main.js:<12,1>--<19,13>) | [FunctionCall-3] | Exp(main.js:<12,1>--<19,13>) |
| Res(main.js:<14,16>--<14,24>) | [FunctionCall-3] | Exp(main.js:<14,16>--<14,24>) |
| Res(main.js:<15,5>--<15,31>) | [FunctionCall-3] | Exp(main.js:<15,5>--<15,31>) |
| Res(main.js:<15,16>--<15,30>) | [FunctionCall-3] | Exp(main.js:<15,16>--<15,30>) |
| Res(main.js:<16,5>--<16,36>) | [FunctionCall-3] | Exp(main.js:<16,5>--<16,36>) |
| Res(main.js:<16,16>--<16,35>) | [FunctionCall-3] | Exp(main.js:<16,16>--<16,35>) |
| Res(main.js:<18,3>--<18,20>) | [FunctionCall-3] | Exp(main.js:<18,3>--<18,20>) |
| Ret(arraymath.js:<4,1>--<4,23>) | [RetToRes] | Res(main.js:<14,16>--<14,24>) |
| Ret(arraymath.js:<6,28>--<8,1>) | [RetToRes] | Res(main.js:<15,16>--<15,30>) |
| Ret(arraymath.js:<9,33>--<11,1>) | [RetToRes] | Res(main.js:<16,16>--<16,35>) |
| Ret(basicmath.js:<4,27>--<6,1>) | [RetToRes] | Res(main.js:<16,16>--<16,35>) |
| Ret(basicmath.js:<8,27>--<10,1>) | [RetToRes] | Res(main.js:<9,13>--<9,36>) |
| Ret(main.js:<12,2>--<19,1>) | [RetToRes] | Res(main.js:<12,1>--<19,13>) |
| Ret(main.js:<13,14>--<17,3>) | [RetToRes] | Res(main.js:<18,3>--<18,20>) |
| Var(arraymath.js:<4,10>--<4,18>) | [Assign-1] | ModuleExport(arraymath.js) |
| Var(arraymath.js:<4,10>--<4,18>) | [Assign-2] | Exp(arraymath.js:<13,1>--<13,26>) |
| Var(main.js:<4,7>--<4,15>) | [FunctionCall-Receiver] | Receiver(main.js:<9,13>--<9,36>) |
| Var(main.js:<5,7>--<5,15>) | [FunctionCall-2] | Arg(main.js:<12,1>--<19,13>,1) |
| Var(main.js:<7,7>--<7,12>) | [FunctionCall-1] | Callee(main.js:<10,1>--<10,17>) |
| Var(main.js:<7,7>--<7,12>) | [FunctionCall-1] | Callee(main.js:<15,5>--<15,31>) |
| Var(main.js:<7,7>--<7,12>) | [FunctionCall-1] | Callee(main.js:<16,5>--<16,36>) |
| Var(main.js:<9,7>--<9,9>) | [FunctionCall-2] | Arg(main.js:<10,1>--<10,17>,2) |
| Var(main.js:<13,7>--<13,10>) | [FunctionCall-1] | Callee(main.js:<18,3>--<18,20>) |
| Var(main.js:<14,9>--<14,12>) | [FunctionCall-Receiver] | Receiver(main.js:<15,16>--<15,30>) |
| Var(main.js:<14,9>--<14,12>) | [FunctionCall-Receiver] | Receiver(main.js:<16,16>--<16,35>) |
