| src/arraymath.js |
| src/basicmath.js |
| src/main.js |
