| arraymath/index.js |
| main.js |
| subdir/basicmath/index.js |
| subdir/main.js |
| subdir/util/index.js |
