| acorn-loose/dist/acorn-loose.js |
| acorn/dist/acorn.js |
| main.js |
| test/run.js |
