| Callee(main.js:<16,1>--<16,7>) | Fun(main.js:<9,3>--<12,3>) |
| Callee(main.js:<17,9>--<17,15>) | Fun(main.js:<5,3>--<8,3>) |
| Callee(main.js:<18,1>--<18,3>) | Fun(main.js:<2,9>--<4,3>) |
| Callee(main.js:<18,1>--<18,3>) | Fun(main.js:<5,3>--<8,3>) |
