| Callee(es3.js:<730,78>--<730,87>) | Fun(main.js:<27,12>--<27,36>) |
| Callee(es3.js:<743,83>--<743,92>) | Fun(main.js:<28,17>--<28,41>) |
| Callee(es3.js:<754,72>--<754,81>) | Fun(main.js:<11,11>--<11,16>) |
| Callee(es3.js:<765,73>--<765,82>) | Fun(main.js:<13,12>--<13,17>) |
| Callee(es3.js:<776,74>--<776,83>) | Fun(main.js:<4,1>--<6,1>) |
| Callee(es3.js:<811,70>--<811,79>) | Fun(main.js:<24,9>--<24,16>) |
| Callee(es3.js:<822,71>--<822,80>) | Fun(main.js:<32,10>--<32,15>) |
| Callee(es6.js:<376,77>--<376,86>) | Fun(main.js:<11,11>--<11,16>) |
| Callee(es6.js:<397,78>--<397,87>) | Fun(main.js:<13,12>--<13,17>) |
| Callee(es6.js:<406,76>--<406,85>) | Fun(main.js:<14,10>--<14,15>) |
| Callee(es6.js:<415,81>--<415,90>) | Fun(main.js:<15,15>--<15,20>) |
| Callee(es6.js:<424,79>--<424,88>) | Fun(main.js:<4,1>--<6,1>) |
| Callee(es6.js:<479,75>--<479,84>) | Fun(main.js:<24,9>--<24,16>) |
| Callee(es6.js:<489,83>--<489,92>) | Fun(main.js:<27,12>--<27,36>) |
| Callee(es6.js:<499,88>--<499,97>) | Fun(main.js:<28,17>--<28,41>) |
| Callee(es6.js:<536,76>--<536,85>) | Fun(main.js:<32,10>--<32,15>) |
| Callee(main.js:<5,5>--<5,27>) | Fun(es3.js:<1117,12>--<1117,25>) |
| Callee(main.js:<5,5>--<5,27>) | Fun(globals.js:<1962,25>--<1962,60>) |
| Callee(main.js:<5,5>--<5,27>) | Fun(globals.js:<1968,25>--<1968,45>) |
| Callee(main.js:<8,1>--<8,14>) | Fun(es3.js:<582,26>--<582,46>) |
| Callee(main.js:<8,1>--<8,14>) | Fun(es3.js:<1778,27>--<1778,47>) |
| Callee(main.js:<9,1>--<9,17>) | Fun(es6.js:<360,35>--<360,69>) |
| Callee(main.js:<9,1>--<9,17>) | Fun(es6.js:<1267,30>--<1267,64>) |
| Callee(main.js:<10,1>--<10,13>) | Fun(es6.js:<367,32>--<367,44>) |
| Callee(main.js:<10,1>--<10,13>) | Fun(es6.js:<1398,18>--<1398,33>) |
| Callee(main.js:<10,1>--<10,13>) | Fun(es2017.js:<23,18>--<23,33>) |
| Callee(main.js:<10,1>--<10,13>) | Fun(globals.js:<1836,32>--<1836,44>) |
| Callee(main.js:<11,1>--<11,17>) | Fun(es3.js:<754,25>--<754,84>) |
| Callee(main.js:<11,1>--<11,17>) | Fun(es3.js:<849,15>--<849,79>) |
| Callee(main.js:<11,1>--<11,17>) | Fun(es6.js:<376,30>--<376,89>) |
| Callee(main.js:<12,1>--<12,10>) | Fun(es6.js:<387,29>--<387,66>) |
| Callee(main.js:<12,1>--<12,10>) | Fun(es6.js:<1256,24>--<1256,61>) |
| Callee(main.js:<12,1>--<12,10>) | Fun(globals.js:<1815,29>--<1815,59>) |
| Callee(main.js:<13,1>--<13,18>) | Fun(es3.js:<765,26>--<765,85>) |
| Callee(main.js:<13,1>--<13,18>) | Fun(es3.js:<858,16>--<858,80>) |
| Callee(main.js:<13,1>--<13,18>) | Fun(es6.js:<397,31>--<397,90>) |
| Callee(main.js:<14,1>--<14,16>) | Fun(es6.js:<406,29>--<406,88>) |
| Callee(main.js:<14,1>--<14,16>) | Fun(es6.js:<1233,24>--<1233,55>) |
| Callee(main.js:<15,1>--<15,21>) | Fun(es6.js:<415,34>--<415,93>) |
| Callee(main.js:<15,1>--<15,21>) | Fun(es6.js:<1244,29>--<1244,60>) |
| Callee(main.js:<16,1>--<16,15>) | Fun(es3.js:<776,27>--<776,86>) |
| Callee(main.js:<16,1>--<16,15>) | Fun(es3.js:<867,17>--<867,81>) |
| Callee(main.js:<16,1>--<16,15>) | Fun(es6.js:<424,32>--<424,91>) |
| Callee(main.js:<17,1>--<17,15>) | Fun(es6.js:<618,18>--<618,57>) |
| Callee(main.js:<17,1>--<17,15>) | Fun(es6.js:<652,19>--<652,58>) |
| Callee(main.js:<17,1>--<17,15>) | Fun(es6.js:<686,26>--<686,65>) |
| Callee(main.js:<17,1>--<17,15>) | Fun(es6.js:<729,19>--<729,58>) |
| Callee(main.js:<17,1>--<17,15>) | Fun(es6.js:<763,20>--<763,59>) |
| Callee(main.js:<17,1>--<17,15>) | Fun(es6.js:<797,19>--<797,58>) |
| Callee(main.js:<17,1>--<17,15>) | Fun(es6.js:<831,20>--<831,59>) |
| Callee(main.js:<17,1>--<17,15>) | Fun(es6.js:<865,21>--<865,60>) |
| Callee(main.js:<17,1>--<17,15>) | Fun(es6.js:<899,21>--<899,60>) |
| Callee(main.js:<17,1>--<17,15>) | Fun(es6.js:<1212,14>--<1212,56>) |
| Callee(main.js:<18,1>--<18,19>) | Fun(es6.js:<280,29>--<280,67>) |
| Callee(main.js:<18,1>--<18,19>) | Fun(es6.js:<433,33>--<433,73>) |
| Callee(main.js:<18,1>--<18,19>) | Fun(es6.js:<1278,28>--<1278,68>) |
| Callee(main.js:<18,1>--<18,19>) | Fun(es2016.js:<17,28>--<17,64>) |
| Callee(main.js:<18,1>--<18,19>) | Fun(globals.js:<1844,33>--<1844,72>) |
| Callee(main.js:<19,1>--<19,18>) | Fun(es3.js:<788,27>--<788,57>) |
| Callee(main.js:<19,1>--<19,18>) | Fun(es3.js:<879,17>--<879,52>) |
| Callee(main.js:<19,1>--<19,18>) | Fun(es3.js:<1818,28>--<1818,66>) |
| Callee(main.js:<19,1>--<19,18>) | Fun(es6.js:<442,32>--<442,72>) |
| Callee(main.js:<19,1>--<19,18>) | Fun(globals.js:<1823,32>--<1823,71>) |
| Callee(main.js:<20,1>--<20,18>) | Fun(es3.js:<918,17>--<918,32>) |
| Callee(main.js:<21,1>--<21,13>) | Fun(es3.js:<595,24>--<595,49>) |
| Callee(main.js:<21,1>--<21,13>) | Fun(es6.js:<450,29>--<450,54>) |
| Callee(main.js:<22,1>--<22,10>) | Fun(es5.js:<140,15>--<140,30>) |
| Callee(main.js:<22,1>--<22,10>) | Fun(es6.js:<457,29>--<457,41>) |
| Callee(main.js:<22,1>--<22,10>) | Fun(globals.js:<1849,29>--<1849,41>) |
| Callee(main.js:<23,1>--<23,22>) | Fun(es3.js:<800,31>--<800,61>) |
| Callee(main.js:<23,1>--<23,22>) | Fun(es3.js:<891,21>--<891,56>) |
| Callee(main.js:<23,1>--<23,22>) | Fun(es3.js:<1840,32>--<1840,70>) |
| Callee(main.js:<23,1>--<23,22>) | Fun(es6.js:<466,36>--<466,76>) |
| Callee(main.js:<23,1>--<23,22>) | Fun(globals.js:<1831,36>--<1831,75>) |
| Callee(main.js:<24,1>--<24,17>) | Fun(es3.js:<811,23>--<811,82>) |
| Callee(main.js:<24,1>--<24,17>) | Fun(es3.js:<900,13>--<900,77>) |
| Callee(main.js:<24,1>--<24,17>) | Fun(es6.js:<479,28>--<479,87>) |
| Callee(main.js:<25,1>--<25,9>) | Fun(es3.js:<606,23>--<606,35>) |
| Callee(main.js:<26,1>--<26,18>) | Fun(es3.js:<619,24>--<619,44>) |
| Callee(main.js:<27,1>--<27,40>) | Fun(es3.js:<730,26>--<730,90>) |
| Callee(main.js:<27,1>--<27,40>) | Fun(es6.js:<489,31>--<489,95>) |
| Callee(main.js:<28,1>--<28,45>) | Fun(es3.js:<743,31>--<743,95>) |
| Callee(main.js:<28,1>--<28,45>) | Fun(es6.js:<499,36>--<499,100>) |
| Callee(main.js:<29,1>--<29,13>) | Fun(es3.js:<631,27>--<631,39>) |
| Callee(main.js:<29,1>--<29,13>) | Fun(es6.js:<507,32>--<507,44>) |
| Callee(main.js:<30,1>--<30,11>) | Fun(es3.js:<643,25>--<643,37>) |
| Callee(main.js:<31,1>--<31,11>) | Fun(es3.js:<658,25>--<658,55>) |
| Callee(main.js:<31,1>--<31,11>) | Fun(es3.js:<1921,26>--<1921,52>) |
| Callee(main.js:<31,1>--<31,11>) | Fun(es6.js:<307,31>--<307,57>) |
| Callee(main.js:<31,1>--<31,11>) | Fun(es6.js:<527,30>--<527,60>) |
| Callee(main.js:<31,1>--<31,11>) | Fun(globals.js:<1514,30>--<1514,52>) |
| Callee(main.js:<32,1>--<32,16>) | Fun(es3.js:<822,24>--<822,83>) |
| Callee(main.js:<32,1>--<32,16>) | Fun(es3.js:<909,14>--<909,78>) |
| Callee(main.js:<32,1>--<32,16>) | Fun(es6.js:<536,29>--<536,88>) |
| Callee(main.js:<33,1>--<33,10>) | Fun(es3.js:<671,24>--<671,55>) |
| Callee(main.js:<33,1>--<33,10>) | Fun(es6.js:<545,29>--<545,60>) |
| Callee(main.js:<34,1>--<34,12>) | Fun(es3.js:<689,26>--<689,70>) |
| Callee(main.js:<35,1>--<35,14>) | Fun(es3.js:<455,29>--<455,41>) |
| Callee(main.js:<35,1>--<35,14>) | Fun(es3.js:<549,31>--<549,43>) |
| Callee(main.js:<35,1>--<35,14>) | Fun(es3.js:<705,28>--<705,40>) |
| Callee(main.js:<35,1>--<35,14>) | Fun(es3.js:<943,30>--<943,42>) |
| Callee(main.js:<35,1>--<35,14>) | Fun(es3.js:<998,29>--<998,50>) |
| Callee(main.js:<35,1>--<35,14>) | Fun(es3.js:<1688,27>--<1688,39>) |
| Callee(main.js:<35,1>--<35,14>) | Fun(es3.js:<2030,29>--<2030,41>) |
| Callee(main.js:<35,1>--<35,14>) | Fun(es3.js:<2089,29>--<2089,41>) |
| Callee(main.js:<35,1>--<35,14>) | Fun(es6.js:<579,33>--<579,45>) |
| Callee(main.js:<35,1>--<35,14>) | Fun(globals.js:<1477,33>--<1477,65>) |
| Callee(main.js:<36,1>--<36,13>) | Fun(es3.js:<717,27>--<717,47>) |
| Callee(main.js:<36,1>--<36,13>) | Fun(globals.js:<597,43>--<597,60>) |
| Callee(main.js:<36,1>--<36,13>) | Fun(globals.js:<603,43>--<603,60>) |
| Callee(main.js:<37,1>--<37,13>) | Fun(es3.js:<472,28>--<472,40>) |
| Callee(main.js:<37,1>--<37,13>) | Fun(es3.js:<951,29>--<951,41>) |