| Callee(main.js:<6,9>--<6,15>) | Fun(main.js:<1,9>--<1,8>) |
| Callee(main.js:<7,1>--<7,5>) | Fun(main.js:<2,3>--<2,27>) |
