| Callee(main.js:<13,13>--<13,26>) | Fun(b.js:<15,8>--<17,1>) |
| Callee(main.js:<14,1>--<14,17>) | Fun(Assert.js:<9,16>--<13,1>) |
| Callee(main.js:<16,1>--<23,13>) | Fun(main.js:<16,2>--<23,1>) |
| Callee(main.js:<19,5>--<19,31>) | Fun(Assert.js:<9,16>--<13,1>) |
| Callee(main.js:<19,16>--<19,30>) | Fun(a.js:<5,1>--<7,1>) |
| Callee(main.js:<20,5>--<20,36>) | Fun(Assert.js:<9,16>--<13,1>) |
| Callee(main.js:<20,16>--<20,35>) | Fun(a.js:<8,1>--<10,1>) |
| Callee(main.js:<22,3>--<22,20>) | Fun(main.js:<17,14>--<21,3>) |
