| Callee(main.js:<4,1>--<4,6>) | Fun(temp.js:<2,16>--<4,1>) |
