| Callee(main.js:<9,13>--<9,26>) | Fun(b.js:<8,8>--<10,1>) |
| Callee(main.js:<10,1>--<10,20>) | Fun(Assert.js:<4,1>--<8,1>) |
| Callee(main.js:<12,1>--<19,13>) | Fun(main.js:<12,2>--<19,1>) |
| Callee(main.js:<15,5>--<15,34>) | Fun(Assert.js:<4,1>--<8,1>) |
| Callee(main.js:<15,19>--<15,33>) | Fun(a.js:<5,1>--<7,1>) |
| Callee(main.js:<16,5>--<16,39>) | Fun(Assert.js:<4,1>--<8,1>) |
| Callee(main.js:<16,19>--<16,38>) | Fun(a.js:<8,1>--<10,1>) |
| Callee(main.js:<18,3>--<18,20>) | Fun(main.js:<13,14>--<17,3>) |
