| Callee(main.js:<10,1>--<10,9>) | Fun(main.js:<3,9>--<3,41>) |
| Callee(main.js:<11,11>--<11,17>) | Fun(main.js:<4,3>--<7,3>) |
| Callee(main.js:<12,1>--<12,5>) | Fun(main.js:<4,3>--<7,3>) |
| Callee(main.js:<12,1>--<12,5>) | Fun(main.js:<6,12>--<6,44>) |
