| Callee(main.js:<10,9>--<10,103>) | Fun(main.js:<2,13>--<4,3>) |
