| main.js |
| my-function-1.js |
| my-function-2.js |
