| Arg(main.js:<17,1>--<17,30>,1) | [ArgToParam-1] | Param(main.js:<12,1>--<14,1>,1) |
| Callee(main.js:<16,17>--<16,29>) | [Assign-3] | Var(main.js:<16,7>--<16,13>) |
| Class(my-class.js:<2,1>--<6,1>) | [ClassDecl] | Var(my-class.js:<2,7>--<2,13>) |
| Exp(main.js:<4,13>--<6,1>) | [Assign-3] | Var(main.js:<4,7>--<4,9>) |
| Exp(main.js:<8,14>--<10,1>) | [Assign-3] | Var(main.js:<8,7>--<8,10>) |
| Fun(main.js:<5,13>--<5,35>) | [FunctionExpr-1] | Exp(main.js:<5,13>--<5,35>) |
| Fun(main.js:<5,13>--<5,35>) | [FunctionExpr-3] | Var(main.js:<5,22>--<5,29>) |
| Fun(main.js:<5,13>--<5,35>) | [ObjLiteral] | Prop(myMethod) |
| Fun(main.js:<9,13>--<9,35>) | [FunctionExpr-1] | Exp(main.js:<9,13>--<9,35>) |
| Fun(main.js:<9,13>--<9,35>) | [FunctionExpr-3] | Var(main.js:<9,22>--<9,29>) |
| Fun(main.js:<9,13>--<9,35>) | [ObjLiteral] | Prop(myMethod) |
| Fun(main.js:<12,1>--<14,1>) | [FunctionDecl] | Var(main.js:<12,10>--<12,21>) |
| Fun(my-class.js:<2,15>--<2,14>) | [CtorCall] | Callee(main.js:<16,17>--<16,29>) |
| Fun(my-class.js:<4,3>--<4,16>) | [MethodDecl] | Prop(myMethod) |
| ImportMod(main.js:<2,17>--<2,37>,my-class.js) | [Assign-3] | Var(main.js:<2,7>--<2,13>) |
| ModuleExport(my-class.js) | [Require] | ImportMod(main.js:<2,17>--<2,37>,my-class.js) |
| Param(main.js:<12,1>--<14,1>,1) | [FunctionCall-1] | Callee(main.js:<13,3>--<13,8>) |
| Prop(myMethod) | [FunctionCall-2] | Arg(main.js:<17,1>--<17,30>,1) |
| Res(main.js:<2,17>--<2,37>) | [FunctionCall-3] | Exp(main.js:<2,17>--<2,37>) |
| Res(main.js:<13,3>--<13,8>) | [FunctionCall-3] | Exp(main.js:<13,3>--<13,8>) |
| Res(main.js:<16,17>--<16,29>) | [FunctionCall-3] | Exp(main.js:<16,17>--<16,29>) |
| Res(main.js:<17,1>--<17,30>) | [FunctionCall-3] | Exp(main.js:<17,1>--<17,30>) |
| Ret(main.js:<5,13>--<5,35>) | [RetToRes] | Res(main.js:<13,3>--<13,8>) |
| Ret(main.js:<9,13>--<9,35>) | [RetToRes] | Res(main.js:<13,3>--<13,8>) |
| Ret(main.js:<12,1>--<14,1>) | [RetToRes] | Res(main.js:<17,1>--<17,30>) |
| Ret(my-class.js:<4,3>--<4,16>) | [RetToRes] | Res(main.js:<13,3>--<13,8>) |
| Var(main.js:<2,7>--<2,13>) | [FunctionCall-1] | Callee(main.js:<16,17>--<16,29>) |
| Var(main.js:<12,10>--<12,21>) | [FunctionCall-1] | Callee(main.js:<17,1>--<17,30>) |
| Var(my-class.js:<2,7>--<2,13>) | [Assign-1] | ModuleExport(my-class.js) |
| Var(my-class.js:<2,7>--<2,13>) | [Assign-2] | Exp(my-class.js:<8,1>--<8,24>) |
